// Jest Snapshot v1, https://goo.gl/fbAQLP

exports[`should take a snapshot 1`] = `
<DocumentFragment>
  <button
    class="bg-transparent hover:bg-blue-500 text-indigo-100 font-semibold hover:text-white py-2 px-4 border border-indigo-100 hover:border-transparent rounded"
    type="button"
  >
    test button
  </button>
</DocumentFragment>
`;
